
> ai-study-buddy-server@1.0.0 test
> cross-env NODE_OPTIONS=--experimental-vm-modules jest

node.exe : FAIL tests/app.test.js
At line:1 char:1
+ & "C:\Program Files\nodejs/node.exe" 
"C:\Users\omsin\AppData\Roaming\ ...
+ ~~~~~~~~~~~~~~~~~~~~~~~~~~~~~~~~~~~~~~~~~~~~~~~~~~~~~~~~~~~~~~~~~~~~~
    + CategoryInfo          : NotSpecified: (FAIL tests/app.test    
.js:String) [], RemoteException
    + FullyQualifiedErrorId : NativeCommandError
 
  ΓùÅ Test suite failed to run

    ENOENT: no such file or directory, open 
'C:\Users\omsin\OneDrive\Desktop\projects\AI Study 
Buddy\server\test\data\05-versions-space.pdf'

    [0m [90m 2 |[39m [36mimport[39m { createRequire } 
[36mfrom[39m [32m'module'[39m[33m;[39m
     [90m 3 |[39m [36mconst[39m require [33m=[39m 
createRequire([36mimport[39m[33m.[39mmeta[33m.[39murl)[33m;[39m
    [31m[1m>[22m[39m[90m 4 |[39m [36mconst[39m pdf [33m=[39m 
require([32m'pdf-parse'[39m)[33m;[39m
     [90m   |[39m             [31m[1m^[22m[39m
     [90m 5 |[39m
     [90m 6 |[39m [90m// Configure Multer to store in memory[39m
     [90m 7 |[39m [36mconst[39m storage [33m=[39m 
multer[33m.[39mmemoryStorage()[33m;[39m[0m

      at Object.<anonymous> (node_modules/pdf-parse/index.js:15:25)
      at src/controllers/uploadController.js:4:13

Test Suites: 1 failed, 1 total
Tests:       0 total
Snapshots:   0 total
Time:        0.991 s
Ran all test suites.
(node:17212) ExperimentalWarning: VM Modules is an experimental 
feature and might change at any time
(Use `node --trace-warnings ...` to show where the warning was created)
